../Core/Src/LTC.c:11:6:TimerDelay	16	static
../Core/Src/LTC.c:22:6:LTC6804_Select	8	static
../Core/Src/LTC.c:30:6:LTC6804_DeSelect	8	static
../Core/Src/LTC.c:43:6:init_PEC15_Table	16	static
../Core/Src/LTC.c:61:10:LTC6804_CalculatePEC	24	static
../Core/Src/LTC.c:75:6:LTC6804_PollTillAdcComplete	8	static
../Core/Src/LTC.c:83:9:LTC6804_PollADCStatus	16	static
../Core/Src/LTC.c:106:6:LTC6804_SendCommand	24	static
../Core/Src/LTC.c:129:6:LTC6804_ReceiveData	16	static
../Core/Src/LTC.c:142:6:LTC6804_Init	16	static
../Core/Src/LTC.c:173:6:LTC6804_SerialWake	16	static
../Core/Src/LTC.c:186:8:LTC6804_ReadAllCellVoltage	56	static
../Core/Src/LTC.c:211:6:Transmit	72	static
