../Core/Src/LTC.c:8:6:print_hex	24	static
../Core/Src/LTC.c:16:6:LTC6804_ReadConfig	16	static
../Core/Src/LTC.c:23:9:HIGH_BYTE	16	static
../Core/Src/LTC.c:27:9:LOW_BYTE	16	static
../Core/Src/LTC.c:31:6:delay_us	16	static
../Core/Src/LTC.c:40:6:delay_ms	24	static
../Core/Src/LTC.c:46:6:LTC6804_Select	8	static
../Core/Src/LTC.c:54:6:LTC6804_DeSelect	8	static
../Core/Src/LTC.c:67:6:init_PEC15_Table	16	static
../Core/Src/LTC.c:85:10:LTC6804_CalculatePEC	24	static
../Core/Src/LTC.c:99:6:LTC6804_PollTillAdcComplete	8	static
../Core/Src/LTC.c:107:9:LTC6804_PollADCStatus	16	static
../Core/Src/LTC.c:130:6:LTC6804_SendCommand	24	static
../Core/Src/LTC.c:154:6:LTC6804_ReceiveData	16	static
../Core/Src/LTC.c:167:6:LTC6804_Init	16	static
../Core/Src/LTC.c:201:6:LTC6804_SerialWake	16	static
../Core/Src/LTC.c:218:8:LTC6804_ReadAllCellVoltage	56	static
../Core/Src/LTC.c:245:6:Transmit	72	static
