../Core/Src/LTC.c:8:6:print_hex	24	static
../Core/Src/LTC.c:16:6:LTC6804_ReadConfig	16	static
../Core/Src/LTC.c:23:9:HIGH_BYTE	16	static
../Core/Src/LTC.c:27:9:LOW_BYTE	16	static
../Core/Src/LTC.c:31:6:delay_us	16	static
../Core/Src/LTC.c:37:6:delay_ms	24	static
../Core/Src/LTC.c:43:6:LTC6804_Select	8	static
../Core/Src/LTC.c:51:6:LTC6804_DeSelect	8	static
../Core/Src/LTC.c:64:6:init_PEC15_Table	16	static
../Core/Src/LTC.c:82:10:LTC6804_CalculatePEC	24	static
../Core/Src/LTC.c:96:6:LTC6804_PollTillAdcComplete	8	static
../Core/Src/LTC.c:104:9:LTC6804_PollADCStatus	16	static
../Core/Src/LTC.c:127:6:LTC6804_SendCommand	24	static
../Core/Src/LTC.c:151:6:LTC6804_ReceiveData	16	static
../Core/Src/LTC.c:164:6:LTC6804_Init	24	static
../Core/Src/LTC.c:201:6:LTC6804_SerialWake	8	static
../Core/Src/LTC.c:213:8:LTC6804_ReadAllCellVoltage	56	static
../Core/Src/LTC.c:240:6:Transmit	72	static
